Analysis & Synthesis report for DIGITAL_CLOCK
Mon Nov 28 01:23:57 2016
Quartus II 64-Bit Version 13.0.1 Build 232 06/12/2013 Service Pack 1 SJ Web Edition


---------------------
; Table of Contents ;
---------------------
  1. Legal Notice
  2. Analysis & Synthesis Summary
  3. Analysis & Synthesis Settings
  4. Parallel Compilation
  5. Analysis & Synthesis Messages



----------------
; Legal Notice ;
----------------
Copyright (C) 1991-2013 Altera Corporation
Your use of Altera Corporation's design tools, logic functions 
and other software and tools, and its AMPP partner logic 
functions, and any output files from any of the foregoing 
(including device programming or simulation files), and any 
associated documentation or information are expressly subject 
to the terms and conditions of the Altera Program License 
Subscription Agreement, Altera MegaCore Function License 
Agreement, or other applicable license agreement, including, 
without limitation, that your use is for the sole purpose of 
programming logic devices manufactured by Altera and sold by 
Altera or its authorized distributors.  Please refer to the 
applicable agreement for further details.



+--------------------------------------------------------------------------------------+
; Analysis & Synthesis Summary                                                         ;
+------------------------------------+-------------------------------------------------+
; Analysis & Synthesis Status        ; Failed - Mon Nov 28 01:23:57 2016               ;
; Quartus II 64-Bit Version          ; 13.0.1 Build 232 06/12/2013 SP 1 SJ Web Edition ;
; Revision Name                      ; DIGITAL_CLOCK                                   ;
; Top-level Entity Name              ; DIGITAL_CLOCK                                   ;
; Family                             ; Cyclone II                                      ;
; Total logic elements               ; N/A until Partition Merge                       ;
;     Total combinational functions  ; N/A until Partition Merge                       ;
;     Dedicated logic registers      ; N/A until Partition Merge                       ;
; Total registers                    ; N/A until Partition Merge                       ;
; Total pins                         ; N/A until Partition Merge                       ;
; Total virtual pins                 ; N/A until Partition Merge                       ;
; Total memory bits                  ; N/A until Partition Merge                       ;
; Embedded Multiplier 9-bit elements ; N/A until Partition Merge                       ;
; Total PLLs                         ; N/A until Partition Merge                       ;
+------------------------------------+-------------------------------------------------+


+----------------------------------------------------------------------------------------------------------------------+
; Analysis & Synthesis Settings                                                                                        ;
+----------------------------------------------------------------------------+--------------------+--------------------+
; Option                                                                     ; Setting            ; Default Value      ;
+----------------------------------------------------------------------------+--------------------+--------------------+
; Device                                                                     ; EP2C70F672C8       ;                    ;
; Top-level entity name                                                      ; DIGITAL_CLOCK      ; DIGITAL_CLOCK      ;
; Family name                                                                ; Cyclone II         ; Cyclone IV GX      ;
; Use smart compilation                                                      ; Off                ; Off                ;
; Enable parallel Assembler and TimeQuest Timing Analyzer during compilation ; On                 ; On                 ;
; Enable compact report table                                                ; Off                ; Off                ;
; Restructure Multiplexers                                                   ; Auto               ; Auto               ;
; Create Debugging Nodes for IP Cores                                        ; Off                ; Off                ;
; Preserve fewer node names                                                  ; On                 ; On                 ;
; Disable OpenCore Plus hardware evaluation                                  ; Off                ; Off                ;
; Verilog Version                                                            ; Verilog_2001       ; Verilog_2001       ;
; VHDL Version                                                               ; VHDL_1993          ; VHDL_1993          ;
; State Machine Processing                                                   ; Auto               ; Auto               ;
; Safe State Machine                                                         ; Off                ; Off                ;
; Extract Verilog State Machines                                             ; On                 ; On                 ;
; Extract VHDL State Machines                                                ; On                 ; On                 ;
; Ignore Verilog initial constructs                                          ; Off                ; Off                ;
; Iteration limit for constant Verilog loops                                 ; 5000               ; 5000               ;
; Iteration limit for non-constant Verilog loops                             ; 250                ; 250                ;
; Add Pass-Through Logic to Inferred RAMs                                    ; On                 ; On                 ;
; Infer RAMs from Raw Logic                                                  ; On                 ; On                 ;
; Parallel Synthesis                                                         ; On                 ; On                 ;
; DSP Block Balancing                                                        ; Auto               ; Auto               ;
; NOT Gate Push-Back                                                         ; On                 ; On                 ;
; Power-Up Don't Care                                                        ; On                 ; On                 ;
; Remove Redundant Logic Cells                                               ; Off                ; Off                ;
; Remove Duplicate Registers                                                 ; On                 ; On                 ;
; Ignore CARRY Buffers                                                       ; Off                ; Off                ;
; Ignore CASCADE Buffers                                                     ; Off                ; Off                ;
; Ignore GLOBAL Buffers                                                      ; Off                ; Off                ;
; Ignore ROW GLOBAL Buffers                                                  ; Off                ; Off                ;
; Ignore LCELL Buffers                                                       ; Off                ; Off                ;
; Ignore SOFT Buffers                                                        ; On                 ; On                 ;
; Limit AHDL Integers to 32 Bits                                             ; Off                ; Off                ;
; Optimization Technique                                                     ; Balanced           ; Balanced           ;
; Carry Chain Length                                                         ; 70                 ; 70                 ;
; Auto Carry Chains                                                          ; On                 ; On                 ;
; Auto Open-Drain Pins                                                       ; On                 ; On                 ;
; Perform WYSIWYG Primitive Resynthesis                                      ; Off                ; Off                ;
; Auto ROM Replacement                                                       ; On                 ; On                 ;
; Auto RAM Replacement                                                       ; On                 ; On                 ;
; Auto Shift Register Replacement                                            ; Auto               ; Auto               ;
; Allow Shift Register Merging across Hierarchies                            ; Auto               ; Auto               ;
; Auto Clock Enable Replacement                                              ; On                 ; On                 ;
; Strict RAM Replacement                                                     ; Off                ; Off                ;
; Allow Synchronous Control Signals                                          ; On                 ; On                 ;
; Force Use of Synchronous Clear Signals                                     ; Off                ; Off                ;
; Auto RAM to Logic Cell Conversion                                          ; Off                ; Off                ;
; Auto Resource Sharing                                                      ; Off                ; Off                ;
; Allow Any RAM Size For Recognition                                         ; Off                ; Off                ;
; Allow Any ROM Size For Recognition                                         ; Off                ; Off                ;
; Allow Any Shift Register Size For Recognition                              ; Off                ; Off                ;
; Use LogicLock Constraints during Resource Balancing                        ; On                 ; On                 ;
; Ignore translate_off and synthesis_off directives                          ; Off                ; Off                ;
; Timing-Driven Synthesis                                                    ; Off                ; Off                ;
; Report Parameter Settings                                                  ; On                 ; On                 ;
; Report Source Assignments                                                  ; On                 ; On                 ;
; Report Connectivity Checks                                                 ; On                 ; On                 ;
; Ignore Maximum Fan-Out Assignments                                         ; Off                ; Off                ;
; Synchronization Register Chain Length                                      ; 2                  ; 2                  ;
; PowerPlay Power Optimization                                               ; Normal compilation ; Normal compilation ;
; HDL message level                                                          ; Level2             ; Level2             ;
; Suppress Register Optimization Related Messages                            ; Off                ; Off                ;
; Number of Removed Registers Reported in Synthesis Report                   ; 5000               ; 5000               ;
; Number of Swept Nodes Reported in Synthesis Report                         ; 5000               ; 5000               ;
; Number of Inverted Registers Reported in Synthesis Report                  ; 100                ; 100                ;
; Clock MUX Protection                                                       ; On                 ; On                 ;
; Auto Gated Clock Conversion                                                ; Off                ; Off                ;
; Block Design Naming                                                        ; Auto               ; Auto               ;
; SDC constraint protection                                                  ; Off                ; Off                ;
; Synthesis Effort                                                           ; Auto               ; Auto               ;
; Shift Register Replacement - Allow Asynchronous Clear Signal               ; On                 ; On                 ;
; Pre-Mapping Resynthesis Optimization                                       ; Off                ; Off                ;
; Analysis & Synthesis Message Level                                         ; Medium             ; Medium             ;
; Disable Register Merging Across Hierarchies                                ; Auto               ; Auto               ;
; Resource Aware Inference For Block RAM                                     ; On                 ; On                 ;
; Synthesis Seed                                                             ; 1                  ; 1                  ;
+----------------------------------------------------------------------------+--------------------+--------------------+


Parallel compilation was disabled, but you have multiple processors available. Enable parallel compilation to reduce compilation time.
+-------------------------------------+
; Parallel Compilation                ;
+----------------------------+--------+
; Processors                 ; Number ;
+----------------------------+--------+
; Number detected on machine ; 4      ;
; Maximum allowed            ; 1      ;
+----------------------------+--------+


+-------------------------------+
; Analysis & Synthesis Messages ;
+-------------------------------+
Info: *******************************************************************
Info: Running Quartus II 64-Bit Analysis & Synthesis
    Info: Version 13.0.1 Build 232 06/12/2013 Service Pack 1 SJ Web Edition
    Info: Processing started: Mon Nov 28 01:23:57 2016
Info: Command: quartus_map --read_settings_files=on --write_settings_files=off DIGITAL_CLOCK -c DIGITAL_CLOCK
Warning (20028): Parallel compilation is not licensed and has been disabled
Info (12021): Found 1 design units, including 1 entities, in source file rtl/piezo_unit.v
    Info (12023): Found entity 1: PIEZO
Info (12021): Found 1 design units, including 1 entities, in source file rtl/alarm_time_cont.v
    Info (12023): Found entity 1: ALARM_TIME_CONT
Warning (10090): Verilog HDL syntax warning at TIME_CONT.v(8): extra block comment delimiter characters /* within block comment
Info (12021): Found 1 design units, including 1 entities, in source file rtl/time_cont.v
    Info (12023): Found entity 1: TIME_CONT
Warning (10090): Verilog HDL syntax warning at TIME_CAL.v(8): extra block comment delimiter characters /* within block comment
Info (12021): Found 1 design units, including 1 entities, in source file rtl/time_cal.v
    Info (12023): Found entity 1: TIME_CAL
Info (12021): Found 1 design units, including 1 entities, in source file rtl/lcd_cont.v
    Info (12023): Found entity 1: LCD_CONT
Warning (10090): Verilog HDL syntax warning at KEY_CONT.v(8): extra block comment delimiter characters /* within block comment
Info (12021): Found 1 design units, including 1 entities, in source file rtl/key_cont.v
    Info (12023): Found entity 1: KEY_CONT
Info (12021): Found 1 design units, including 1 entities, in source file rtl/digital_clock.v
    Info (12023): Found entity 1: DIGITAL_CLOCK
Info (12021): Found 1 design units, including 1 entities, in source file rtl/wt_sep.v
    Info (12023): Found entity 1: WT_SEP
Info (12021): Found 1 design units, including 1 entities, in source file rtl/wt_decoder.v
    Info (12023): Found entity 1: WT_DECODER
Info (12021): Found 1 design units, including 1 entities, in source file rtl/time_compare.v
    Info (12023): Found entity 1: TIME_CONPARE
Warning (10236): Verilog HDL Implicit Net warning at DIGITAL_CLOCK.v(39): created implicit net for "UP"
Warning (10236): Verilog HDL Implicit Net warning at DIGITAL_CLOCK.v(39): created implicit net for "DOWN"
Warning (10236): Verilog HDL Implicit Net warning at DIGITAL_CLOCK.v(41): created implicit net for "SET_ALARM"
Warning (10236): Verilog HDL Implicit Net warning at DIGITAL_CLOCK.v(85): created implicit net for "RING_ALARM"
Critical Warning (10846): Verilog HDL Instantiation warning at DIGITAL_CLOCK.v(41): instance has no name
Critical Warning (10846): Verilog HDL Instantiation warning at DIGITAL_CLOCK.v(72): instance has no name
Critical Warning (10846): Verilog HDL Instantiation warning at DIGITAL_CLOCK.v(79): instance has no name
Critical Warning (10846): Verilog HDL Instantiation warning at DIGITAL_CLOCK.v(88): instance has no name
Info (12127): Elaborating entity "DIGITAL_CLOCK" for the top level hierarchy
Info (12128): Elaborating entity "KEY_CONT" for hierarchy "KEY_CONT:comb_88"
Warning (10855): Verilog HDL warning at KEY_CONT.v(68): initial value for variable OUT_TIME_BUFF should be constant
Warning (10235): Verilog HDL Always Construct warning at KEY_CONT.v(114): variable "MODE_BUFF" is read inside the Always Construct but isn't in the Always Construct's Event Control
Warning (10235): Verilog HDL Always Construct warning at KEY_CONT.v(122): variable "CONT_BUFF" is read inside the Always Construct but isn't in the Always Construct's Event Control
Warning (10235): Verilog HDL Always Construct warning at KEY_CONT.v(128): variable "IN_TIME" is read inside the Always Construct but isn't in the Always Construct's Event Control
Info (10264): Verilog HDL Case Statement information at KEY_CONT.v(122): all case item expressions in this case statement are onehot
Info (10264): Verilog HDL Case Statement information at KEY_CONT.v(118): all case item expressions in this case statement are onehot
Warning (10235): Verilog HDL Always Construct warning at KEY_CONT.v(168): variable "CONT_BUFF" is read inside the Always Construct but isn't in the Always Construct's Event Control
Warning (10235): Verilog HDL Always Construct warning at KEY_CONT.v(174): variable "IN_TIME" is read inside the Always Construct but isn't in the Always Construct's Event Control
Info (10264): Verilog HDL Case Statement information at KEY_CONT.v(168): all case item expressions in this case statement are onehot
Info (10264): Verilog HDL Case Statement information at KEY_CONT.v(164): all case item expressions in this case statement are onehot
Warning (10235): Verilog HDL Always Construct warning at KEY_CONT.v(207): variable "MODE_BUFF" is read inside the Always Construct but isn't in the Always Construct's Event Control
Warning (10270): Verilog HDL Case Statement warning at KEY_CONT.v(213): incomplete case statement has no default case item
Warning (10270): Verilog HDL Case Statement warning at KEY_CONT.v(222): incomplete case statement has no default case item
Warning (10235): Verilog HDL Always Construct warning at KEY_CONT.v(235): variable "MODE_BUFF" is read inside the Always Construct but isn't in the Always Construct's Event Control
Warning (10235): Verilog HDL Always Construct warning at KEY_CONT.v(240): variable "IN_TIME" is read inside the Always Construct but isn't in the Always Construct's Event Control
Warning (10270): Verilog HDL Case Statement warning at KEY_CONT.v(247): incomplete case statement has no default case item
Warning (10235): Verilog HDL Always Construct warning at KEY_CONT.v(253): variable "SET_ALARM" is read inside the Always Construct but isn't in the Always Construct's Event Control
Warning (10270): Verilog HDL Case Statement warning at KEY_CONT.v(257): incomplete case statement has no default case item
Warning (10235): Verilog HDL Always Construct warning at KEY_CONT.v(270): variable "MODE_BUFF" is read inside the Always Construct but isn't in the Always Construct's Event Control
Warning (10235): Verilog HDL Always Construct warning at KEY_CONT.v(276): variable "FLAG" is read inside the Always Construct but isn't in the Always Construct's Event Control
Warning (10235): Verilog HDL Always Construct warning at KEY_CONT.v(277): variable "CONT_BUFF" is read inside the Always Construct but isn't in the Always Construct's Event Control
Warning (10235): Verilog HDL Always Construct warning at KEY_CONT.v(283): variable "FLAG" is read inside the Always Construct but isn't in the Always Construct's Event Control
Warning (10235): Verilog HDL Always Construct warning at KEY_CONT.v(284): variable "CONT_BUFF" is read inside the Always Construct but isn't in the Always Construct's Event Control
Warning (10235): Verilog HDL Always Construct warning at KEY_CONT.v(291): variable "MODE_BUFF" is read inside the Always Construct but isn't in the Always Construct's Event Control
Warning (10235): Verilog HDL Always Construct warning at KEY_CONT.v(297): variable "FLAG" is read inside the Always Construct but isn't in the Always Construct's Event Control
Warning (10235): Verilog HDL Always Construct warning at KEY_CONT.v(298): variable "CONT_BUFF" is read inside the Always Construct but isn't in the Always Construct's Event Control
Warning (10235): Verilog HDL Always Construct warning at KEY_CONT.v(304): variable "FLAG" is read inside the Always Construct but isn't in the Always Construct's Event Control
Warning (10235): Verilog HDL Always Construct warning at KEY_CONT.v(305): variable "CONT_BUFF" is read inside the Always Construct but isn't in the Always Construct's Event Control
Warning (10270): Verilog HDL Case Statement warning at KEY_CONT.v(111): incomplete case statement has no default case item
Info (10264): Verilog HDL Case Statement information at KEY_CONT.v(111): all case item expressions in this case statement are onehot
Warning (10240): Verilog HDL Always Construct warning at KEY_CONT.v(109): inferring latch(es) for variable "MODE_BUFF", which holds its previous value in one or more paths through the always construct
Warning (10240): Verilog HDL Always Construct warning at KEY_CONT.v(109): inferring latch(es) for variable "CONT_BUFF", which holds its previous value in one or more paths through the always construct
Warning (10240): Verilog HDL Always Construct warning at KEY_CONT.v(109): inferring latch(es) for variable "FLAG_BUFF", which holds its previous value in one or more paths through the always construct
Warning (10240): Verilog HDL Always Construct warning at KEY_CONT.v(109): inferring latch(es) for variable "SET_ALARM", which holds its previous value in one or more paths through the always construct
Warning (10240): Verilog HDL Always Construct warning at KEY_CONT.v(109): inferring latch(es) for variable "OUT_TIME_BUFF", which holds its previous value in one or more paths through the always construct
Warning (10240): Verilog HDL Always Construct warning at KEY_CONT.v(109): inferring latch(es) for variable "UP_BUFF", which holds its previous value in one or more paths through the always construct
Warning (10240): Verilog HDL Always Construct warning at KEY_CONT.v(109): inferring latch(es) for variable "DOWN_BUFF", which holds its previous value in one or more paths through the always construct
Warning (10030): Net "OUT_TIME_BUFF[15..0]" at KEY_CONT.v(30) has no driver or initial value, using a default initial value '0'
Info (10041): Inferred latch for "DOWN_BUFF.CONT_DAY" at KEY_CONT.v(109)
Info (10041): Inferred latch for "DOWN_BUFF.CONT_MONTH" at KEY_CONT.v(109)
Info (10041): Inferred latch for "DOWN_BUFF.CONT_YEAR" at KEY_CONT.v(109)
Info (10041): Inferred latch for "DOWN_BUFF.CONT_MERIDIAN" at KEY_CONT.v(109)
Info (10041): Inferred latch for "DOWN_BUFF.CONT_SEC" at KEY_CONT.v(109)
Info (10041): Inferred latch for "DOWN_BUFF.CONT_MIN" at KEY_CONT.v(109)
Info (10041): Inferred latch for "DOWN_BUFF.CONT_HOUR" at KEY_CONT.v(109)
Info (10041): Inferred latch for "DOWN_BUFF.CONT_NO" at KEY_CONT.v(109)
Info (10041): Inferred latch for "UP_BUFF.CONT_DAY" at KEY_CONT.v(109)
Info (10041): Inferred latch for "UP_BUFF.CONT_MONTH" at KEY_CONT.v(109)
Info (10041): Inferred latch for "UP_BUFF.CONT_YEAR" at KEY_CONT.v(109)
Info (10041): Inferred latch for "UP_BUFF.CONT_MERIDIAN" at KEY_CONT.v(109)
Info (10041): Inferred latch for "UP_BUFF.CONT_SEC" at KEY_CONT.v(109)
Info (10041): Inferred latch for "UP_BUFF.CONT_MIN" at KEY_CONT.v(109)
Info (10041): Inferred latch for "UP_BUFF.CONT_HOUR" at KEY_CONT.v(109)
Info (10041): Inferred latch for "UP_BUFF.CONT_NO" at KEY_CONT.v(109)
Info (10041): Inferred latch for "OUT_TIME_BUFF[16]" at KEY_CONT.v(109)
Info (10041): Inferred latch for "SET_ALARM" at KEY_CONT.v(109)
Info (10041): Inferred latch for "FLAG_BUFF.FLAG_CONTROL_CHANGE_CANCEL_STATE" at KEY_CONT.v(109)
Info (10041): Inferred latch for "FLAG_BUFF.FLAG_CONTROL_CHANGE_DONE_STATE" at KEY_CONT.v(109)
Info (10041): Inferred latch for "FLAG_BUFF.FLAG_ALARM_CONTROL_STATE" at KEY_CONT.v(109)
Info (10041): Inferred latch for "FLAG_BUFF.FLAG_CONTROL_STATE" at KEY_CONT.v(109)
Info (10041): Inferred latch for "FLAG_BUFF.FLAG_VIEW_ALARM" at KEY_CONT.v(109)
Info (10041): Inferred latch for "FLAG_BUFF.FLAG_NO" at KEY_CONT.v(109)
Info (10041): Inferred latch for "CONT_BUFF.CONT_DAY" at KEY_CONT.v(109)
Info (10041): Inferred latch for "CONT_BUFF.CONT_MONTH" at KEY_CONT.v(109)
Info (10041): Inferred latch for "CONT_BUFF.CONT_YEAR" at KEY_CONT.v(109)
Info (10041): Inferred latch for "CONT_BUFF.CONT_MERIDIAN" at KEY_CONT.v(109)
Info (10041): Inferred latch for "CONT_BUFF.CONT_SEC" at KEY_CONT.v(109)
Info (10041): Inferred latch for "CONT_BUFF.CONT_MIN" at KEY_CONT.v(109)
Info (10041): Inferred latch for "CONT_BUFF.CONT_HOUR" at KEY_CONT.v(109)
Info (10041): Inferred latch for "CONT_BUFF.CONT_NO" at KEY_CONT.v(109)
Info (10041): Inferred latch for "MODE_BUFF.ALARM_CONTROL_TIME" at KEY_CONT.v(109)
Info (10041): Inferred latch for "MODE_BUFF.ALARM_TIME" at KEY_CONT.v(109)
Info (10041): Inferred latch for "MODE_BUFF.CURRENT_CONTROL_TIME" at KEY_CONT.v(109)
Info (10041): Inferred latch for "MODE_BUFF.CURRENT_TIME" at KEY_CONT.v(109)
Error (10028): Can't resolve multiple constant drivers for net "FLAG_BUFF.FLAG_NO" at KEY_CONT.v(109) File: D:/Projects/hanbat-alarm-clock/RTL/KEY_CONT.v Line: 109
Error (10029): Constant driver at KEY_CONT.v(80) File: D:/Projects/hanbat-alarm-clock/RTL/KEY_CONT.v Line: 80
Error (10028): Can't resolve multiple constant drivers for net "FLAG_BUFF.FLAG_VIEW_ALARM" at KEY_CONT.v(109) File: D:/Projects/hanbat-alarm-clock/RTL/KEY_CONT.v Line: 109
Error (10028): Can't resolve multiple constant drivers for net "FLAG_BUFF.FLAG_CONTROL_STATE" at KEY_CONT.v(109) File: D:/Projects/hanbat-alarm-clock/RTL/KEY_CONT.v Line: 109
Error (10028): Can't resolve multiple constant drivers for net "FLAG_BUFF.FLAG_ALARM_CONTROL_STATE" at KEY_CONT.v(109) File: D:/Projects/hanbat-alarm-clock/RTL/KEY_CONT.v Line: 109
Error (10028): Can't resolve multiple constant drivers for net "FLAG_BUFF.FLAG_CONTROL_CHANGE_DONE_STATE" at KEY_CONT.v(109) File: D:/Projects/hanbat-alarm-clock/RTL/KEY_CONT.v Line: 109
Error (10028): Can't resolve multiple constant drivers for net "FLAG_BUFF.FLAG_CONTROL_CHANGE_CANCEL_STATE" at KEY_CONT.v(109) File: D:/Projects/hanbat-alarm-clock/RTL/KEY_CONT.v Line: 109
Error (12152): Can't elaborate user hierarchy "KEY_CONT:comb_88" File: D:/Projects/hanbat-alarm-clock/RTL/DIGITAL_CLOCK.v Line: 41
Error: Quartus II 64-Bit Analysis & Synthesis was unsuccessful. 8 errors, 45 warnings
    Error: Peak virtual memory: 465 megabytes
    Error: Processing ended: Mon Nov 28 01:23:57 2016
    Error: Elapsed time: 00:00:00
    Error: Total CPU time (on all processors): 00:00:01


